[w2-proof] create disposable signature workspace...
[w2-proof] create disposable signature workspace ok (385ms)
[w2-proof] save tenant-scoped signature profile...
[w2-proof] save tenant-scoped signature profile ok (193ms)
[w2-proof] list tenant-scoped signature profiles...
[w2-proof] list tenant-scoped signature profiles ok (132ms)
[w2-proof] create linked review comment...
[w2-proof] create linked review comment ok (154ms)
[w2-proof] apply signature through production patch mutation...
[w2-proof] apply signature through production patch mutation ok (355ms)
[w2-proof] reload applied signature workspace...
[w2-proof] reload applied signature workspace ok (169ms)
[w2-proof] verify active-profile off-brand detection...
[w2-proof] verify active-profile off-brand detection ok (405ms)
[w2-proof] restore clean on-brand version...
[w2-proof] restore clean on-brand version ok (320ms)
[w2-proof] re-activate already-applied durable profile...
[w2-proof] re-activate already-applied durable profile ok (264ms)
[w2-proof] reload profile from a fresh client...
[w2-proof] reload profile from a fresh client ok (186ms)
[w2-proof] exercise stale signature CAS path...
[w2-proof] exercise stale signature CAS path ok (218ms)
[w2-proof] create disposable operation-boundary workspace...
[w2-proof] create disposable operation-boundary workspace ok (293ms)
[w2-proof] accept exact 512-operation boundary patch...
[w2-proof] accept exact 512-operation boundary patch ok (404ms)
file:///D:/VSCode%20Projects/nodeslide/scripts/nodeslide-signature-apply-proof.mjs:731
  if (!condition) throw new Error(message);
                        ^

Error: Validation receipt keys changed.
    at assert (file:///D:/VSCode%20Projects/nodeslide/scripts/nodeslide-signature-apply-proof.mjs:731:25)
    at file:///D:/VSCode%20Projects/nodeslide/scripts/nodeslide-signature-apply-proof.mjs:242:3
    at process.processTicksAndRejections (node:internal/process/task_queues:103:5)

Node.js v22.22.2
