[w4-proof] ensure disposable workspace...
[w4-proof] ensure disposable workspace ok (333ms)
[w4-proof] generate variations...
[w4-proof] generate variations ok (237ms)
[w4-proof] accept variation...
[w4-proof] accept variation ok (347ms)
[w4-proof] sync variation decisions...
[w4-proof] sync variation decisions ok (164ms)
[w4-proof] retry variation decision sync...
[w4-proof] retry variation decision sync ok (160ms)
[w4-proof] record accepted patch...
[w4-proof] record accepted patch ok (288ms)
[w4-proof] retry accepted patch record...
[w4-proof] retry accepted patch record ok (122ms)
[w4-proof] reload accepted workspace...
[w4-proof] reload accepted workspace ok (236ms)
[w4-proof] record completed export...
[w4-proof] record completed export ok (146ms)
[w4-proof] run concurrent ETL...
[w4-proof] run concurrent ETL ok (311ms)
[w4-proof] list preference events...
[w4-proof] list preference events ok (109ms)
[w4-proof] load taste profile...
[w4-proof] load taste profile ok (115ms)
file:///D:/VSCode%20Projects/nodeslide/scripts/nodeslide-preference-proof.mjs:311
  if (!condition) throw new Error(message);
                        ^

Error: One or more W4 reliability checks failed.
    at assert (file:///D:/VSCode%20Projects/nodeslide/scripts/nodeslide-preference-proof.mjs:311:25)
    at file:///D:/VSCode%20Projects/nodeslide/scripts/nodeslide-preference-proof.mjs:231:1

Node.js v22.22.2
