
> nodeslide@0.1.0 dev:web
> vite --host 0.0.0.0


  [32m[1mVITE[22m v6.4.3[39m  [2mready in [0m[1m5239[22m[2m[0m ms[22m

  [32m➜[39m  [1mLocal[22m:   [36mhttp://localhost:[1m5180[22m/[39m
  [32m➜[39m  [1mNetwork[22m: [36mhttp://10.0.0.19:[1m5180[22m/[39m
  [32m➜[39m  [1mNetwork[22m: [36mhttp://172.20.0.1:[1m5180[22m/[39m
[2m5:52:59 PM[22m [36m[1m[vite][22m[39m [90m[2m(client)[22m[39m [32mhmr update [39m[2m/@fs/D:\VSCode Projects\nodeslide\src\domains\nodeslide\components\NodeSlideLanding.tsx, /src/tailwind.css[22m
[2m5:52:59 PM[22m [36m[1m[vite][22m[39m [90m[2m(client)[22m[39m [32mhmr update [39m[2m/src/domains/nodeslide/nodeslideV3.css, /src/tailwind.css[22m
[2m5:53:00 PM[22m [36m[1m[vite][22m[39m [90m[2m(client)[22m[39m [33mhmr invalidate [39m[2m/@fs/D:\VSCode Projects\nodeslide\src\domains\nodeslide\components\NodeSlideLanding.tsx[22m Could not Fast Refresh ("creationStageMessage" export is incompatible). Learn more at https://github.com/vitejs/vite-plugin-react/tree/main/packages/plugin-react#consistent-components-exports
[2m5:53:00 PM[22m [36m[1m[vite][22m[39m [90m[2m(client)[22m[39m [32mhmr update [39m[2m/src/domains/nodeslide/NodeSlideStudio.tsx, /src/tailwind.css[22m
[2m5:54:52 PM[22m [36m[1m[vite][22m[39m [90m[2m(client)[22m[39m [32mhmr update [39m[2m/src/domains/nodeslide/nodeslideV3.css, /src/tailwind.css[22m
[2m5:56:04 PM[22m [36m[1m[vite][22m[39m [32mvite.config.ts changed, restarting server...[39m
[2m5:56:04 PM[22m [36m[1m[vite][22m[39m server restarted.
[2m5:58:53 PM[22m [36m[1m[vite][22m[39m [90m[2m(client)[22m[39m [32mpage reload [39m[2mpublic/recipelang/edge-data-contract.html[22m
[2m5:58:53 PM[22m [36m[1m[vite][22m[39m [90m[2m(client)[22m[39m [32mhmr update [39m[2m/src/tailwind.css[22m
[2m5:58:53 PM[22m [36m[1m[vite][22m[39m [90m[2m(client)[22m[39m [32mpage reload [39m[2mpublic/recipelang/edge-data-contract.receipt.json[22m
[2m6:01:15 PM[22m [36m[1m[vite][22m[39m [90m[2m(client)[22m[39m [32mpage reload [39m[2mREADME.md[22m
[2m6:01:47 PM[22m [36m[1m[vite][22m[39m [90m[2m(client)[22m[39m [32mpage reload [39m[2msrc/domains/nodeslide/components/NodeSlideLanding.phoneHandoff.test.tsx[22m
[2m6:03:04 PM[22m [36m[1m[vite][22m[39m [90m[2m(client)[22m[39m [32mpage reload [39m[2m.qa/memory/findings.jsonl[22m
[2m6:03:04 PM[22m [36m[1m[vite][22m[39m [90m[2m(client)[22m[39m [32mpage reload [39m[2m.qa/memory/findings.jsonl[22m
[2m6:03:04 PM[22m [36m[1m[vite][22m[39m [90m[2m(client)[22m[39m [32mpage reload [39m[2m.qa/memory/runs.jsonl[22m
[2m2:37:21 PM[22m [36m[1m[vite][22m[39m [90m[2m(client)[22m[39m [32mpage reload [39m[2mshared/nodeslideSlideCount.test.ts[22m
[2m2:37:21 PM[22m [36m[1m[vite][22m[39m [90m[2m(client)[22m[39m [32mpage reload [39m[2mconvex/lib/nodeslideStoryContext.test.ts[22m
[2m2:37:21 PM[22m [36m[1m[vite][22m[39m [90m[2m(client)[22m[39m [32mpage reload [39m[2mshared/nodeslideGeometryChecks.test.ts[22m
[2m2:37:21 PM[22m [36m[1m[vite][22m[39m [90m[2m(client)[22m[39m [32mpage reload [39m[2mconvex/lib/nodeslideSeed.test.ts[22m
[2m2:37:21 PM[22m [36m[1m[vite][22m[39m [90m[2m(client)[22m[39m [32mpage reload [39m[2mshared/nodeslideArchetypes.test.ts[22m
[2m2:37:21 PM[22m [36m[1m[vite][22m[39m [90m[2m(client)[22m[39m [32mpage reload [39m[2mconvex/lib/nodeslideCreationCritique.test.ts[22m
[2m2:38:32 PM[22m [36m[1m[vite][22m[39m [90m[2m(client)[22m[39m [32mpage reload [39m[2mshared/nodeslideSlideCount.ts[22m
[2m2:38:32 PM[22m [36m[1m[vite][22m[39m [90m[2m(client)[22m[39m [32mpage reload [39m[2mshared/nodeslideArchetypes.ts[22m
[2m2:38:32 PM[22m [36m[1m[vite][22m[39m [90m[2m(client)[22m[39m [32mpage reload [39m[2mconvex/lib/nodeslideStoryContext.ts[22m
[2m2:38:32 PM[22m [36m[1m[vite][22m[39m [90m[2m(client)[22m[39m [32mhmr update [39m[2m/src/tailwind.css, /src/domains/nodeslide/NodeSlideStudio.tsx, /@fs/D:\VSCode Projects\nodeslide\src\domains\nodeslide\components\SlideRenderer.tsx, /@fs/D:\VSCode Projects\nodeslide\src\domains\nodeslide\inspector\JsonInspector.tsx, /@fs/D:\VSCode Projects\nodeslide\packages\react\src\viewer.tsx, /@fs/D:\VSCode Projects\nodeslide\packages\react\src\proposalReview.tsx, /@fs/D:\VSCode Projects\nodeslide\packages\react\src\studioShell.tsx[22m
[2m2:38:32 PM[22m [36m[1m[vite][22m[39m [90m[2m(client)[22m[39m [32mpage reload [39m[2mconvex/lib/nodeslideCreationCritique.ts[22m
[2m2:38:32 PM[22m [36m[1m[vite][22m[39m [90m[2m(client)[22m[39m [32mpage reload [39m[2mconvex/lib/nodeslideDeckDiversity.ts[22m
[2m2:40:21 PM[22m [36m[1m[vite][22m[39m [90m[2m(client)[22m[39m [32mpage reload [39m[2mconvex/lib/nodeslideSeed.ts[22m
[2m2:40:21 PM[22m [36m[1m[vite][22m[39m [90m[2m(client)[22m[39m [32mpage reload [39m[2mconvex/nodeslideAgent.ts[22m
[2m2:40:46 PM[22m [36m[1m[vite][22m[39m [90m[2m(client)[22m[39m [32mpage reload [39m[2mconvex/nodeslideAgent.ts[22m
[2m2:41:22 PM[22m [36m[1m[vite][22m[39m [90m[2m(client)[22m[39m [32mpage reload [39m[2mconvex/lib/nodeslideSeed.ts[22m
[2m2:43:42 PM[22m [36m[1m[vite][22m[39m [90m[2m(client)[22m[39m [32mpage reload [39m[2mshared/nodeslideSlideCount.test.ts[22m
[2m2:43:42 PM[22m [36m[1m[vite][22m[39m [90m[2m(client)[22m[39m [32mpage reload [39m[2mconvex/lib/nodeslideCreationCritique.ts[22m
[2m2:43:42 PM[22m [36m[1m[vite][22m[39m [90m[2m(client)[22m[39m [32mhmr update [39m[2m/src/tailwind.css, /src/domains/nodeslide/NodeSlideStudio.tsx, /@fs/D:\VSCode Projects\nodeslide\src\domains\nodeslide\components\SlideRenderer.tsx, /@fs/D:\VSCode Projects\nodeslide\src\domains\nodeslide\inspector\JsonInspector.tsx, /@fs/D:\VSCode Projects\nodeslide\packages\react\src\viewer.tsx, /@fs/D:\VSCode Projects\nodeslide\packages\react\src\proposalReview.tsx, /@fs/D:\VSCode Projects\nodeslide\packages\react\src\studioShell.tsx[22m
[2m2:43:42 PM[22m [36m[1m[vite][22m[39m [90m[2m(client)[22m[39m [32mhmr update [39m[2m/src/tailwind.css, /src/domains/nodeslide/NodeSlideStudio.tsx, /@fs/D:\VSCode Projects\nodeslide\src\domains\nodeslide\components\SlideRenderer.tsx, /@fs/D:\VSCode Projects\nodeslide\src\domains\nodeslide\inspector\JsonInspector.tsx, /@fs/D:\VSCode Projects\nodeslide\packages\react\src\viewer.tsx, /@fs/D:\VSCode Projects\nodeslide\packages\react\src\proposalReview.tsx, /@fs/D:\VSCode Projects\nodeslide\packages\react\src\studioShell.tsx[22m
[2m2:43:42 PM[22m [36m[1m[vite][22m[39m [90m[2m(client)[22m[39m [32mpage reload [39m[2mconvex/lib/nodeslideSeed.ts[22m
[2m2:43:42 PM[22m [36m[1m[vite][22m[39m [90m[2m(client)[22m[39m [32mpage reload [39m[2mconvex/lib/nodeslideCompositionGrammars.ts[22m
[2m2:44:36 PM[22m [36m[1m[vite][22m[39m [90m[2m(client)[22m[39m [32mhmr update [39m[2m/src/tailwind.css, /src/domains/nodeslide/NodeSlideStudio.tsx, /@fs/D:\VSCode Projects\nodeslide\src\domains\nodeslide\components\SlideRenderer.tsx, /@fs/D:\VSCode Projects\nodeslide\src\domains\nodeslide\inspector\JsonInspector.tsx, /@fs/D:\VSCode Projects\nodeslide\packages\react\src\viewer.tsx, /@fs/D:\VSCode Projects\nodeslide\packages\react\src\proposalReview.tsx, /@fs/D:\VSCode Projects\nodeslide\packages\react\src\studioShell.tsx[22m
[2m2:44:40 PM[22m [36m[1m[vite][22m[39m [90m[2m(client)[22m[39m [33mhmr invalidate [39m[2m/@fs/D:\VSCode Projects\nodeslide\packages\react\src\proposalReview.tsx[22m Could not Fast Refresh ("createNodeSlideProposalPreview" export is incompatible). Learn more at https://github.com/vitejs/vite-plugin-react/tree/main/packages/plugin-react#consistent-components-exports
[2m2:44:40 PM[22m [36m[1m[vite][22m[39m [90m[2m(client)[22m[39m [32mhmr update [39m[2m/src/tailwind.css, /src/domains/nodeslide/NodeSlideStudio.tsx, /@fs/D:\VSCode Projects\nodeslide\packages\react\src\studioShell.tsx[22m
[2m2:46:22 PM[22m [36m[1m[vite][22m[39m [90m[2m(client)[22m[39m [32mhmr update [39m[2m/src/tailwind.css, /src/domains/nodeslide/NodeSlideStudio.tsx, /@fs/D:\VSCode Projects\nodeslide\src\domains\nodeslide\components\SlideRenderer.tsx, /@fs/D:\VSCode Projects\nodeslide\src\domains\nodeslide\inspector\JsonInspector.tsx, /@fs/D:\VSCode Projects\nodeslide\packages\react\src\viewer.tsx, /@fs/D:\VSCode Projects\nodeslide\packages\react\src\proposalReview.tsx, /@fs/D:\VSCode Projects\nodeslide\packages\react\src\studioShell.tsx[22m
[2m2:46:22 PM[22m [36m[1m[vite][22m[39m [90m[2m(client)[22m[39m [32mpage reload [39m[2mconvex/lib/nodeslideCompositionGrammars.ts[22m
[2m2:46:26 PM[22m [36m[1m[vite][22m[39m [90m[2m(client)[22m[39m [33mhmr invalidate [39m[2m/@fs/D:\VSCode Projects\nodeslide\packages\react\src\proposalReview.tsx[22m Could not Fast Refresh ("createNodeSlideProposalPreview" export is incompatible). Learn more at https://github.com/vitejs/vite-plugin-react/tree/main/packages/plugin-react#consistent-components-exports
[2m2:46:26 PM[22m [36m[1m[vite][22m[39m [90m[2m(client)[22m[39m [32mhmr update [39m[2m/src/tailwind.css, /src/domains/nodeslide/NodeSlideStudio.tsx, /@fs/D:\VSCode Projects\nodeslide\packages\react\src\studioShell.tsx[22m
[2m2:48:08 PM[22m [36m[1m[vite][22m[39m [90m[2m(client)[22m[39m [32mpage reload [39m[2mshared/nodeslideArchetypes.ts[22m
[2m2:48:08 PM[22m [36m[1m[vite][22m[39m [90m[2m(client)[22m[39m [32mpage reload [39m[2mconvex/lib/nodeslideCompositionGrammars.ts[22m
[2m2:49:49 PM[22m [36m[1m[vite][22m[39m [90m[2m(client)[22m[39m [32mpage reload [39m[2mconvex/lib/nodeslideDeckDiversity.ts[22m
[2m2:49:49 PM[22m [36m[1m[vite][22m[39m [90m[2m(client)[22m[39m [32mpage reload [39m[2mconvex/lib/nodeslideSeed.ts[22m
[2m2:50:31 PM[22m [36m[1m[vite][22m[39m [90m[2m(client)[22m[39m [32mpage reload [39m[2mconvex/lib/nodeslideCompositionFanout.ts[22m
[2m2:51:04 PM[22m [36m[1m[vite][22m[39m [90m[2m(client)[22m[39m [32mpage reload [39m[2mconvex/lib/nodeslideSeed.ts[22m
[2m2:51:34 PM[22m [36m[1m[vite][22m[39m [90m[2m(client)[22m[39m [32mpage reload [39m[2mconvex/lib/nodeslideSeed.ts[22m
[2m2:51:52 PM[22m [36m[1m[vite][22m[39m [90m[2m(client)[22m[39m [32mpage reload [39m[2mconvex/lib/nodeslideSeed.ts[22m
[2m2:52:18 PM[22m [36m[1m[vite][22m[39m [90m[2m(client)[22m[39m [32mpage reload [39m[2mconvex/lib/nodeslideSeed.test.ts[22m
[2m2:54:23 PM[22m [36m[1m[vite][22m[39m [90m[2m(client)[22m[39m [32mpage reload [39m[2mconvex/lib/nodeslideSeed.ts[22m
[2m2:55:23 PM[22m [36m[1m[vite][22m[39m [90m[2m(client)[22m[39m [32mpage reload [39m[2mconvex/lib/nodeslideSeed.test.ts[22m
[2m2:56:08 PM[22m [36m[1m[vite][22m[39m [90m[2m(client)[22m[39m [32mhmr update [39m[2m/src/tailwind.css, /src/domains/nodeslide/NodeSlideStudio.tsx, /@fs/D:\VSCode Projects\nodeslide\src\domains\nodeslide\components\SlideRenderer.tsx, /@fs/D:\VSCode Projects\nodeslide\src\domains\nodeslide\inspector\JsonInspector.tsx, /@fs/D:\VSCode Projects\nodeslide\packages\react\src\viewer.tsx, /@fs/D:\VSCode Projects\nodeslide\packages\react\src\proposalReview.tsx, /@fs/D:\VSCode Projects\nodeslide\packages\react\src\studioShell.tsx[22m
[2m2:56:08 PM[22m [36m[1m[vite][22m[39m [90m[2m(client)[22m[39m [32mpage reload [39m[2mshared/nodeslideGeometryChecks.test.ts[22m
[2m2:56:08 PM[22m [36m[1m[vite][22m[39m [90m[2m(client)[22m[39m [32mpage reload [39m[2mconvex/lib/nodeslideCompositionFanout.ts[22m
[2m2:56:08 PM[22m [36m[1m[vite][22m[39m [90m[2m(client)[22m[39m [32mpage reload [39m[2mconvex/lib/nodeslideCompositionGrammars.ts[22m
[2m2:56:08 PM[22m [36m[1m[vite][22m[39m [90m[2m(client)[22m[39m [32mpage reload [39m[2mconvex/nodeslideAgent.ts[22m
[2m2:56:09 PM[22m [36m[1m[vite][22m[39m [90m[2m(client)[22m[39m [32mpage reload [39m[2mconvex/lib/nodeslideSeed.ts[22m
[2m2:56:11 PM[22m [36m[1m[vite][22m[39m [90m[2m(client)[22m[39m [33mhmr invalidate [39m[2m/@fs/D:\VSCode Projects\nodeslide\packages\react\src\proposalReview.tsx[22m Could not Fast Refresh ("createNodeSlideProposalPreview" export is incompatible). Learn more at https://github.com/vitejs/vite-plugin-react/tree/main/packages/plugin-react#consistent-components-exports
[2m2:56:11 PM[22m [36m[1m[vite][22m[39m [90m[2m(client)[22m[39m [32mhmr update [39m[2m/src/tailwind.css, /src/domains/nodeslide/NodeSlideStudio.tsx, /@fs/D:\VSCode Projects\nodeslide\packages\react\src\studioShell.tsx[22m
[2m2:59:31 PM[22m [36m[1m[vite][22m[39m [90m[2m(client)[22m[39m [32mpage reload [39m[2mconvex/lib/nodeslideCompositionGrammars.ts[22m
[2m2:59:31 PM[22m [36m[1m[vite][22m[39m [90m[2m(client)[22m[39m [32mpage reload [39m[2mconvex/lib/nodeslideCreationCompletion.test.ts[22m
[2m2:59:36 PM[22m [36m[1m[vite][22m[39m [90m[2m(client)[22m[39m [32mpage reload [39m[2mconvex/lib/nodeslideCompositionGrammars.ts[22m
[2m3:00:51 PM[22m [36m[1m[vite][22m[39m [90m[2m(client)[22m[39m [32mpage reload [39m[2mpublic/recipelang/edge-data-contract.html[22m
[2m3:00:51 PM[22m [36m[1m[vite][22m[39m [90m[2m(client)[22m[39m [32mhmr update [39m[2m/src/tailwind.css[22m
[2m3:00:51 PM[22m [36m[1m[vite][22m[39m [90m[2m(client)[22m[39m [32mpage reload [39m[2mpublic/recipelang/edge-data-contract.receipt.json[22m
[2m3:03:17 PM[22m [36m[1m[vite][22m[39m [90m[2m(client)[22m[39m [32mpage reload [39m[2mconvex/lib/nodeslideCompositionGrammars.ts[22m
[2m3:03:29 PM[22m [36m[1m[vite][22m[39m [90m[2m(client)[22m[39m [32mpage reload [39m[2mevidence/focused-quality-proof/focused-quality-proof.html[22m
[2m3:07:05 PM[22m [36m[1m[vite][22m[39m [90m[2m(client)[22m[39m [32mpage reload [39m[2mconvex/lib/nodeslideDeckDiversity.ts[22m
[2m3:07:05 PM[22m [36m[1m[vite][22m[39m [90m[2m(client)[22m[39m [32mpage reload [39m[2mconvex/lib/nodeslideCompositionFanout.ts[22m
[2m3:07:10 PM[22m [36m[1m[vite][22m[39m [90m[2m(client)[22m[39m [32mpage reload [39m[2mconvex/lib/nodeslideCompositionFanout.ts[22m
[2m3:07:53 PM[22m [36m[1m[vite][22m[39m [90m[2m(client)[22m[39m [32mpage reload [39m[2mconvex/lib/nodeslideSeed.ts[22m
[2m3:07:53 PM[22m [36m[1m[vite][22m[39m [90m[2m(client)[22m[39m [32mpage reload [39m[2mconvex/lib/nodeslideCompositionFanout.test.ts[22m
[2m3:08:54 PM[22m [36m[1m[vite][22m[39m [90m[2m(client)[22m[39m [32mpage reload [39m[2mconvex/lib/nodeslideCompositionFanout.ts[22m
[2m3:08:54 PM[22m [36m[1m[vite][22m[39m [90m[2m(client)[22m[39m [32mpage reload [39m[2mconvex/lib/nodeslideSeed.test.ts[22m
[2m3:09:00 PM[22m [36m[1m[vite][22m[39m [90m[2m(client)[22m[39m [32mpage reload [39m[2mconvex/lib/nodeslideCompositionFanout.ts[22m
[2m3:09:38 PM[22m [36m[1m[vite][22m[39m [90m[2m(client)[22m[39m [32mpage reload [39m[2mshared/nodeslideArchetypes.test.ts[22m
[2m3:09:38 PM[22m [36m[1m[vite][22m[39m [90m[2m(client)[22m[39m [32mpage reload [39m[2mconvex/lib/nodeslideSeed.test.ts[22m
[2m3:11:37 PM[22m [36m[1m[vite][22m[39m [90m[2m(client)[22m[39m [32mpage reload [39m[2mconvex/lib/nodeslideCompositionFanout.ts[22m
[2m3:11:37 PM[22m [36m[1m[vite][22m[39m [90m[2m(client)[22m[39m [32mpage reload [39m[2mconvex/lib/nodeslideSeed.ts[22m
[2m3:11:44 PM[22m [36m[1m[vite][22m[39m [90m[2m(client)[22m[39m [32mpage reload [39m[2mconvex/lib/nodeslideCompositionFanout.ts[22m
[2m3:13:36 PM[22m [36m[1m[vite][22m[39m [90m[2m(client)[22m[39m [32mpage reload [39m[2mconvex/lib/nodeslideDeckDiversity.ts[22m
[2m3:13:51 PM[22m [36m[1m[vite][22m[39m [90m[2m(client)[22m[39m [32mpage reload [39m[2mevidence/focused-quality-proof/focused-quality-proof.nodeslide.json[22m
[2m3:13:51 PM[22m [36m[1m[vite][22m[39m [90m[2m(client)[22m[39m [32mpage reload [39m[2mevidence/focused-quality-proof/focused-quality-proof.report.json[22m
[2m3:13:51 PM[22m [36m[1m[vite][22m[39m [90m[2m(client)[22m[39m [32mpage reload [39m[2mevidence/focused-quality-proof/focused-quality-proof.html[22m
[2m3:15:10 PM[22m [36m[1m[vite][22m[39m [90m[2m(client)[22m[39m [32mpage reload [39m[2mconvex/lib/nodeslideDeckDiversity.ts[22m
[2m3:15:32 PM[22m [36m[1m[vite][22m[39m [90m[2m(client)[22m[39m [32mpage reload [39m[2mevidence/focused-quality-proof/focused-quality-proof.nodeslide.json[22m
[2m3:15:32 PM[22m [36m[1m[vite][22m[39m [90m[2m(client)[22m[39m [32mpage reload [39m[2mevidence/focused-quality-proof/focused-quality-proof.report.json[22m
[2m3:15:32 PM[22m [36m[1m[vite][22m[39m [90m[2m(client)[22m[39m [32mpage reload [39m[2mevidence/focused-quality-proof/focused-quality-proof.html[22m
[2m3:26:07 PM[22m [36m[1m[vite][22m[39m [90m[2m(client)[22m[39m [32mpage reload [39m[2mpublic/recipelang/edge-data-contract.html[22m
[2m3:26:07 PM[22m [36m[1m[vite][22m[39m [90m[2m(client)[22m[39m [32mhmr update [39m[2m/src/tailwind.css[22m
[2m3:26:07 PM[22m [36m[1m[vite][22m[39m [90m[2m(client)[22m[39m [32mpage reload [39m[2mpublic/recipelang/edge-data-contract.receipt.json[22m
[2m3:28:21 PM[22m [36m[1m[vite][22m[39m [90m[2m(client)[22m[39m [32mpage reload [39m[2mpublic/recipelang/edge-data-contract.html[22m
[2m3:28:21 PM[22m [36m[1m[vite][22m[39m [90m[2m(client)[22m[39m [32mhmr update [39m[2m/src/tailwind.css[22m
[2m3:28:21 PM[22m [36m[1m[vite][22m[39m [90m[2m(client)[22m[39m [32mpage reload [39m[2mpublic/recipelang/edge-data-contract.receipt.json[22m
[2m3:31:31 PM[22m [36m[1m[vite][22m[39m [90m[2m(client)[22m[39m [32mpage reload [39m[2mevidence/focused-quality-proof/focused-quality-proof.nodeslide.json[22m
[2m3:41:30 PM[22m [36m[1m[vite][22m[39m [90m[2m(client)[22m[39m [32mpage reload [39m[2mevidence/focused-quality-proof/focused-quality-proof.nodeslide.json[22m
[2m4:07:05 PM[22m [36m[1m[vite][22m[39m [90m[2m(client)[22m[39m [32mhmr update [39m[2m/@fs/D:\VSCode Projects\nodeslide\src\domains\nodeslide\components\NodeSlideLanding.tsx, /src/tailwind.css[22m
[2m4:07:05 PM[22m [36m[1m[vite][22m[39m [90m[2m(client)[22m[39m [32mpage reload [39m[2msrc/domains/nodeslide/components/NodeSlideLanding.stagedWait.test.tsx[22m
[2m4:07:07 PM[22m [36m[1m[vite][22m[39m [90m[2m(client)[22m[39m [33mhmr invalidate [39m[2m/@fs/D:\VSCode Projects\nodeslide\src\domains\nodeslide\components\NodeSlideLanding.tsx[22m Could not Fast Refresh ("creationStageMessage" export is incompatible). Learn more at https://github.com/vitejs/vite-plugin-react/tree/main/packages/plugin-react#consistent-components-exports
[2m4:07:07 PM[22m [36m[1m[vite][22m[39m [90m[2m(client)[22m[39m [32mhmr update [39m[2m/src/domains/nodeslide/NodeSlideStudio.tsx, /src/tailwind.css[22m
[2m4:26:26 PM[22m [36m[1m[vite][22m[39m changed tsconfig file detected: D:/VSCode Projects/nodeslide/packages/gym-core/tsconfig.json - Clearing cache and forcing full-reload to ensure TypeScript is compiled with updated config values.
[2m4:26:26 PM[22m [36m[1m[vite][22m[39m changed tsconfig file detected: D:/VSCode Projects/nodeslide/packages/agent/tsconfig.json - Clearing cache and forcing full-reload to ensure TypeScript is compiled with updated config values.
[2m4:26:26 PM[22m [36m[1m[vite][22m[39m changed tsconfig file detected: D:/VSCode Projects/nodeslide/packages/backend/tsconfig.json - Clearing cache and forcing full-reload to ensure TypeScript is compiled with updated config values.
[2m4:26:26 PM[22m [36m[1m[vite][22m[39m changed tsconfig file detected: D:/VSCode Projects/nodeslide/packages/cli/tsconfig.json - Clearing cache and forcing full-reload to ensure TypeScript is compiled with updated config values.
[2m4:26:26 PM[22m [36m[1m[vite][22m[39m changed tsconfig file detected: D:/VSCode Projects/nodeslide/packages/client-http/tsconfig.json - Clearing cache and forcing full-reload to ensure TypeScript is compiled with updated config values.
[2m4:26:26 PM[22m [36m[1m[vite][22m[39m changed tsconfig file detected: D:/VSCode Projects/nodeslide/packages/contracts/tsconfig.json - Clearing cache and forcing full-reload to ensure TypeScript is compiled with updated config values.
[2m4:26:26 PM[22m [36m[1m[vite][22m[39m [90m[2m(client)[22m[39m [32mpage reload [39m[2mpackages/gym-core/package.json[22m
[2m4:26:26 PM[22m [36m[1m[vite][22m[39m [90m[2m(client)[22m[39m [32mpage reload [39m[2mpackages/gym-core/README.md[22m
[2m4:26:26 PM[22m [36m[1m[vite][22m[39m [90m[2m(client)[22m[39m [32mpage reload [39m[2mpackages/gym-core/src/checkpoint.test.ts[22m
[2m4:26:26 PM[22m [36m[1m[vite][22m[39m [90m[2m(client)[22m[39m [32mpage reload [39m[2mpackages/gym-core/tsconfig.json[22m
[2m4:26:26 PM[22m [36m[1m[vite][22m[39m [90m[2m(client)[22m[39m [32mpage reload [39m[2mpackages/gym-core/src/checkpoint.ts[22m
[2m4:26:26 PM[22m [36m[1m[vite][22m[39m [90m[2m(client)[22m[39m [32mpage reload [39m[2mpackages/gym-core/src/index.test.ts[22m
[2m4:26:26 PM[22m [36m[1m[vite][22m[39m [90m[2m(client)[22m[39m [32mpage reload [39m[2mpackages/gym-core/src/index.ts[22m
[2m4:26:26 PM[22m [36m[1m[vite][22m[39m [90m[2m(client)[22m[39m [32mpage reload [39m[2mpackages/gym-core/src/routing.test.ts[22m
[2m4:26:26 PM[22m [36m[1m[vite][22m[39m [90m[2m(client)[22m[39m [32mpage reload [39m[2mpackages/gym-core/src/routing.ts[22m
[2m4:26:26 PM[22m [36m[1m[vite][22m[39m [90m[2m(client)[22m[39m [32mpage reload [39m[2mpackages/agent/package.json[22m
[2m4:26:26 PM[22m [36m[1m[vite][22m[39m [90m[2m(client)[22m[39m [32mpage reload [39m[2mpackages/agent/README.md[22m
[2m4:26:26 PM[22m [36m[1m[vite][22m[39m [90m[2m(client)[22m[39m [32mpage reload [39m[2mpackages/agent/tsconfig.json[22m
[2m4:26:26 PM[22m [36m[1m[vite][22m[39m [90m[2m(client)[22m[39m [32mpage reload [39m[2mpackages/agent/src/index.ts[22m
[2m4:26:26 PM[22m [36m[1m[vite][22m[39m [90m[2m(client)[22m[39m [32mpage reload [39m[2mpackages/backend/package.json[22m
[2m4:26:26 PM[22m [36m[1m[vite][22m[39m [90m[2m(client)[22m[39m [32mpage reload [39m[2mpackages/backend/tsconfig.json[22m
[2m4:26:26 PM[22m [36m[1m[vite][22m[39m [90m[2m(client)[22m[39m [32mpage reload [39m[2mpackages/backend/src/authorization.test.ts[22m
[2m4:26:26 PM[22m [36m[1m[vite][22m[39m [90m[2m(client)[22m[39m [32mhmr update [39m[2m/src/tailwind.css, /src/domains/nodeslide/NodeSlideStudio.tsx, /@fs/D:\VSCode Projects\nodeslide\packages\react\src\viewer.tsx, /@fs/D:\VSCode Projects\nodeslide\packages\react\src\proposalReview.tsx, /@fs/D:\VSCode Projects\nodeslide\packages\react\src\studioShell.tsx[22m
[2m4:26:26 PM[22m [36m[1m[vite][22m[39m [90m[2m(client)[22m[39m [32mpage reload [39m[2mpackages/cli/src/cli.ts[22m
[2m4:26:26 PM[22m [36m[1m[vite][22m[39m [90m[2m(client)[22m[39m [32mpage reload [39m[2mpackages/cli/package.json[22m
[2m4:26:26 PM[22m [36m[1m[vite][22m[39m [90m[2m(client)[22m[39m [32mpage reload [39m[2mpackages/cli/README.md[22m
[2m4:26:26 PM[22m [36m[1m[vite][22m[39m [90m[2m(client)[22m[39m [32mpage reload [39m[2mpackages/cli/tsconfig.json[22m
[2m4:26:26 PM[22m [36m[1m[vite][22m[39m [90m[2m(client)[22m[39m [32mpage reload [39m[2mpackages/cli/src/generate.model-effort.test.ts[22m
[2m4:26:26 PM[22m [36m[1m[vite][22m[39m [90m[2m(client)[22m[39m [32mpage reload [39m[2mpackages/cli/src/generate.ts[22m
[2m4:26:26 PM[22m [36m[1m[vite][22m[39m [90m[2m(client)[22m[39m [32mpage reload [39m[2mpackages/cli/src/index.ts[22m
[2m4:26:26 PM[22m [36m[1m[vite][22m[39m [90m[2m(client)[22m[39m [32mpage reload [39m[2mpackages/cli/src/installer.test.ts[22m
[2m4:26:26 PM[22m [36m[1m[vite][22m[39m [90m[2m(client)[22m[39m [32mpage reload [39m[2mpackages/cli/tsup.config.ts[22m
[2m4:26:26 PM[22m [36m[1m[vite][22m[39m [90m[2m(client)[22m[39m [32mpage reload [39m[2mpackages/client-http/README.md[22m
[2m4:26:26 PM[22m [36m[1m[vite][22m[39m [90m[2m(client)[22m[39m [32mpage reload [39m[2mpackages/client-http/package.json[22m
[2m4:26:26 PM[22m [36m[1m[vite][22m[39m [90m[2m(client)[22m[39m [32mpage reload [39m[2mpackages/client-http/tsconfig.json[22m
[2m4:26:26 PM[22m [36m[1m[vite][22m[39m [90m[2m(client)[22m[39m [32mpage reload [39m[2mpackages/client-http/src/httpAdapter.test.ts[22m
[2m4:26:26 PM[22m [36m[1m[vite][22m[39m [90m[2m(client)[22m[39m [32mpage reload [39m[2mpackages/client-http/src/index.ts[22m
[2m4:26:26 PM[22m [36m[1m[vite][22m[39m [90m[2m(client)[22m[39m [32mpage reload [39m[2mpackages/contracts/package.json[22m
[2m4:26:26 PM[22m [36m[1m[vite][22m[39m [90m[2m(client)[22m[39m [32mhmr update [39m[2m/src/tailwind.css, /@fs/D:\VSCode Projects\nodeslide\packages\react\src\viewer.tsx, /src/domains/nodeslide/NodeSlideStudio.tsx, /@fs/D:\VSCode Projects\nodeslide\packages\react\src\proposalReview.tsx, /@fs/D:\VSCode Projects\nodeslide\packages\react\src\studioShell.tsx[22m
[2m4:26:26 PM[22m [36m[1m[vite][22m[39m [90m[2m(client)[22m[39m [32mpage reload [39m[2mpackages/contracts/tsconfig.json[22m
[2m4:26:26 PM[22m [36m[1m[vite][22m[39m [90m[2m(client)[22m[39m [32mpage reload [39m[2mpackages/convex/component/convex.config.ts[22m
[2m4:26:26 PM[22m [36m[1m[vite][22m[39m [90m[2m(client)[22m[39m [32mpage reload [39m[2mpackages/convex/component/migrations.ts[22m
[2m4:26:26 PM[22m [36m[1m[vite][22m[39m [90m[2m(client)[22m[39m [32mpage reload [39m[2mpackages/convex/component/patchCommand.ts[22m
[2m4:26:26 PM[22m [36m[1m[vite][22m[39m [90m[2m(client)[22m[39m [32mpage reload [39m[2mpackages/convex/component/protocol.ts[22m
[2m4:26:26 PM[22m [36m[1m[vite][22m[39m [90m[2m(client)[22m[39m [32mpage reload [39m[2mpackages/convex/component/repository.test.ts[22m
[2m4:26:26 PM[22m [36m[1m[vite][22m[39m [90m[2m(client)[22m[39m [32mpage reload [39m[2mpackages/convex/component/repository.ts[22m
[2m4:26:26 PM[22m [36m[1m[vite][22m[39m [90m[2m(client)[22m[39m [32mpage reload [39m[2mpackages/convex/component/schema.ts[22m
[2m4:26:26 PM[22m [36m[1m[vite][22m[39m [90m[2m(client)[22m[39m [32mpage reload [39m[2mpackages/convex/component/_generated/api.d.ts[22m
[2m4:26:26 PM[22m [36m[1m[vite][22m[39m [90m[2m(client)[22m[39m [32mpage reload [39m[2mpackages/convex/component/_generated/component.ts[22m
[2m4:26:26 PM[22m [36m[1m[vite][22m[39m [90m[2m(client)[22m[39m [32mpage reload [39m[2mpackages/convex/component/_generated/dataModel.ts[22m
[2m4:26:26 PM[22m [36m[1m[vite][22m[39m [90m[2m(client)[22m[39m [32mpage reload [39m[2mpackages/convex/component/_generated/server.d.ts[22m
[2m4:26:26 PM[22m [36m[1m[vite][22m[39m [90m[2m(client)[22m[39m [32mpage reload [39m[2mpackages/convex/component/_generated/api.js[22m
[2m4:26:26 PM[22m [36m[1m[vite][22m[39m [90m[2m(client)[22m[39m [32mpage reload [39m[2mpackages/convex/component/_generated/server.js[22m
[2m4:26:26 PM[22m [36m[1m[vite][22m[39m changed tsconfig file detected: D:/VSCode Projects/nodeslide/packages/convex/tsconfig.json - Clearing cache and forcing full-reload to ensure TypeScript is compiled with updated config values.
[2m4:26:26 PM[22m [36m[1m[vite][22m[39m changed tsconfig file detected: D:/VSCode Projects/nodeslide/packages/engine/tsconfig.json - Clearing cache and forcing full-reload to ensure TypeScript is compiled with updated config values.
[2m4:26:26 PM[22m [36m[1m[vite][22m[39m changed tsconfig file detected: D:/VSCode Projects/nodeslide/packages/external-agent/tsconfig.json - Clearing cache and forcing full-reload to ensure TypeScript is compiled with updated config values.
[2m4:26:26 PM[22m [36m[1m[vite][22m[39m changed tsconfig file detected: D:/VSCode Projects/nodeslide/packages/react/tsconfig.json - Clearing cache and forcing full-reload to ensure TypeScript is compiled with updated config values.
[2m4:26:26 PM[22m [36m[1m[vite][22m[39m [90m[2m(client)[22m[39m [32mpage reload [39m[2mpackages/convex/package.json[22m
[2m4:26:26 PM[22m [36m[1m[vite][22m[39m [90m[2m(client)[22m[39m [32mpage reload [39m[2mpackages/convex/README.md[22m
[2m4:26:26 PM[22m [36m[1m[vite][22m[39m [90m[2m(client)[22m[39m [32mpage reload [39m[2mpackages/convex/tsconfig.json[22m
[2m4:26:26 PM[22m [36m[1m[vite][22m[39m [90m[2m(client)[22m[39m [32mpage reload [39m[2mpackages/convex/tsconfig.component.json[22m
[2m4:26:26 PM[22m [36m[1m[vite][22m[39m [90m[2m(client)[22m[39m [32mpage reload [39m[2mpackages/convex/src/capabilityHost.ts[22m
[2m4:26:26 PM[22m [36m[1m[vite][22m[39m [90m[2m(client)[22m[39m [32mpage reload [39m[2mpackages/convex/src/component.ts[22m
[2m4:26:26 PM[22m [36m[1m[vite][22m[39m [90m[2m(client)[22m[39m [32mpage reload [39m[2mpackages/convex/src/componentSchema.ts[22m
[2m4:26:26 PM[22m [36m[1m[vite][22m[39m [90m[2m(client)[22m[39m [32mpage reload [39m[2mpackages/convex/src/convexAdapter.test.ts[22m
[2m4:26:26 PM[22m [36m[1m[vite][22m[39m [90m[2m(client)[22m[39m [32mpage reload [39m[2mpackages/convex/src/index.ts[22m
[2m4:26:26 PM[22m [36m[1m[vite][22m[39m [90m[2m(client)[22m[39m [32mpage reload [39m[2mpackages/convex/src/react.tsx[22m
[2m4:26:26 PM[22m [36m[1m[vite][22m[39m [90m[2m(client)[22m[39m [32mpage reload [39m[2mpackages/convex/src/governance.ts[22m
[2m4:26:26 PM[22m [36m[1m[vite][22m[39m [90m[2m(client)[22m[39m [32mpage reload [39m[2mpackages/convex/src/governance.test.ts[22m
[2m4:26:26 PM[22m [36m[1m[vite][22m[39m [90m[2m(client)[22m[39m [32mpage reload [39m[2mpackages/engine/package.json[22m
[2m4:26:26 PM[22m [36m[1m[vite][22m[39m [90m[2m(client)[22m[39m [32mpage reload [39m[2mpackages/engine/tsconfig.json[22m
[2m4:26:26 PM[22m [36m[1m[vite][22m[39m [90m[2m(client)[22m[39m [32mpage reload [39m[2mpackages/engine/src/index.ts[22m
[2m4:26:26 PM[22m [36m[1m[vite][22m[39m [90m[2m(client)[22m[39m [32mpage reload [39m[2mpackages/engine/src/migrations.test.ts[22m
[2m4:26:26 PM[22m [36m[1m[vite][22m[39m [90m[2m(client)[22m[39m [32mpage reload [39m[2mpackages/engine/src/migrations.ts[22m
[2m4:26:26 PM[22m [36m[1m[vite][22m[39m [90m[2m(client)[22m[39m [32mpage reload [39m[2mpackages/external-agent/README.md[22m
[2m4:26:26 PM[22m [36m[1m[vite][22m[39m [90m[2m(client)[22m[39m [32mpage reload [39m[2mpackages/external-agent/package.json[22m
[2m4:26:26 PM[22m [36m[1m[vite][22m[39m [90m[2m(client)[22m[39m [32mpage reload [39m[2mpackages/external-agent/tsconfig.json[22m
[2m4:26:26 PM[22m [36m[1m[vite][22m[39m [90m[2m(client)[22m[39m [32mpage reload [39m[2mpackages/external-agent/vitest.config.ts[22m
[2m4:26:26 PM[22m [36m[1m[vite][22m[39m [90m[2m(client)[22m[39m [32mpage reload [39m[2mpackages/external-agent/src/cli.ts[22m
[2m4:26:26 PM[22m [36m[1m[vite][22m[39m [90m[2m(client)[22m[39m [32mpage reload [39m[2mpackages/external-agent/src/index.ts[22m
[2m4:26:26 PM[22m [36m[1m[vite][22m[39m [90m[2m(client)[22m[39m [32mpage reload [39m[2mpackages/external-agent/src/index.test.ts[22m
[2m4:26:26 PM[22m [36m[1m[vite][22m[39m [90m[2m(client)[22m[39m [32mpage reload [39m[2mpackages/react/package.json[22m
[2m4:26:26 PM[22m [36m[1m[vite][22m[39m [90m[2m(client)[22m[39m [32mpage reload [39m[2mpackages/react/README.md[22m
[2m4:26:26 PM[22m [36m[1m[vite][22m[39m [90m[2m(client)[22m[39m [32mpage reload [39m[2mpackages/react/tsconfig.json[22m
[2m4:26:26 PM[22m [36m[1m[vite][22m[39m [90m[2m(client)[22m[39m [32mhmr update [39m[2m/@fs/D:\VSCode Projects\nodeslide\packages\react\src\agentThread.tsx, /src/tailwind.css[22m
[2m4:26:26 PM[22m [36m[1m[vite][22m[39m [90m[2m(client)[22m[39m [32mhmr update [39m[2m/src/domains/nodeslide/NodeSlideStudio.tsx, /src/tailwind.css[22m
[2m4:26:26 PM[22m [36m[1m[vite][22m[39m [90m[2m(client)[22m[39m [32mhmr update [39m[2m/@fs/D:\VSCode Projects\nodeslide\packages\react\src\proposalReview.tsx, /src/tailwind.css[22m
[2m4:26:26 PM[22m [36m[1m[vite][22m[39m [90m[2m(client)[22m[39m [32mpage reload [39m[2mpackages/react/src/reactSurface.test.tsx[22m
[2m4:26:26 PM[22m [36m[1m[vite][22m[39m [90m[2m(client)[22m[39m [32mhmr update [39m[2m/@fs/D:\VSCode Projects\nodeslide\packages\react\src\studioShell.tsx, /src/tailwind.css[22m
[2m4:26:26 PM[22m [36m[1m[vite][22m[39m [90m[2m(client)[22m[39m [32mhmr update [39m[2m/src/tailwind.css[22m
[2m4:26:26 PM[22m [36m[1m[vite][22m[39m [90m[2m(client)[22m[39m [32mhmr update [39m[2m/@fs/D:\VSCode Projects\nodeslide\packages\react\src\viewer.tsx, /src/tailwind.css[22m
[2m4:26:26 PM[22m [36m[1m[vite][22m[39m changed tsconfig file detected: D:/VSCode Projects/nodeslide/packages/react-headless/tsconfig.json - Clearing cache and forcing full-reload to ensure TypeScript is compiled with updated config values.
[2m4:26:26 PM[22m [36m[1m[vite][22m[39m [90m[2m(client)[22m[39m [32mpage reload [39m[2mpackages/react-headless/package.json[22m
[2m4:26:26 PM[22m [36m[1m[vite][22m[39m [90m[2m(client)[22m[39m [32mpage reload [39m[2mpackages/react-headless/README.md[22m
[2m4:26:26 PM[22m [36m[1m[vite][22m[39m [90m[2m(client)[22m[39m [32mpage reload [39m[2mpackages/react-headless/tsconfig.json[22m
[2m4:26:26 PM[22m [36m[1m[vite][22m[39m [90m[2m(client)[22m[39m [32mpage reload [39m[2mpackages/react-headless/src/deckNavigation.test.tsx[22m
[2m4:26:26 PM[22m [36m[1m[vite][22m[39m [90m[2m(client)[22m[39m [32mpage reload [39m[2mpackages/react-headless/src/deckNavigation.ts[22m
[2m4:26:26 PM[22m [36m[1m[vite][22m[39m [90m[2m(client)[22m[39m [32mpage reload [39m[2mpackages/react-headless/src/proposalReview.test.ts[22m
[2m4:26:26 PM[22m [36m[1m[vite][22m[39m [90m[2m(client)[22m[39m [32mpage reload [39m[2mpackages/react-headless/src/proposalReview.ts[22m
[2m4:26:26 PM[22m [36m[1m[vite][22m[39m [90m[2m(client)[22m[39m [32mpage reload [39m[2mpackages/react-headless/src/index.ts[22m
[2m4:26:26 PM[22m [36m[1m[vite][22m[39m [90m[2m(client)[22m[39m [32mpage reload [39m[2mpackages/react-headless/src/reactHeadless.test.tsx[22m
[2m4:26:26 PM[22m [36m[1m[vite][22m[39m [90m[2m(client)[22m[39m [32mpage reload [39m[2mpackages/react-headless/src/repositoryController.ts[22m
[2m4:26:26 PM[22m [36m[1m[vite][22m[39m [90m[2m(client)[22m[39m [32mpage reload [39m[2mpackages/react-headless/src/ssr.test.tsx[22m
[2m4:26:26 PM[22m [36m[1m[vite][22m[39m [90m[2m(client)[22m[39m [32mpage reload [39m[2mpackages/react-headless/src/studioModel.ts[22m
[2m4:26:26 PM[22m [36m[1m[vite][22m[39m changed tsconfig file detected: D:/VSCode Projects/nodeslide/packages/recipelang/tsconfig.json - Clearing cache and forcing full-reload to ensure TypeScript is compiled with updated config values.
[2m4:26:26 PM[22m [36m[1m[vite][22m[39m changed tsconfig file detected: D:/VSCode Projects/nodeslide/packages/registry/tsconfig.json - Clearing cache and forcing full-reload to ensure TypeScript is compiled with updated config values.
[2m4:26:26 PM[22m [36m[1m[vite][22m[39m [90m[2m(client)[22m[39m [32mpage reload [39m[2mpackages/recipelang/package.json[22m
[2m4:26:26 PM[22m [36m[1m[vite][22m[39m [90m[2m(client)[22m[39m [32mpage reload [39m[2mpackages/recipelang/README.md[22m
[2m4:26:26 PM[22m [36m[1m[vite][22m[39m [90m[2m(client)[22m[39m [32mpage reload [39m[2mpackages/recipelang/tsconfig.json[22m
[2m4:26:26 PM[22m [36m[1m[vite][22m[39m [90m[2m(client)[22m[39m [32mpage reload [39m[2mpackages/recipelang/src/cli.ts[22m
[2m4:26:26 PM[22m [36m[1m[vite][22m[39m [90m[2m(client)[22m[39m [32mpage reload [39m[2mpackages/recipelang/src/compiler.ts[22m
[2m4:26:26 PM[22m [36m[1m[vite][22m[39m [90m[2m(client)[22m[39m [32mpage reload [39m[2mpackages/recipelang/src/index.ts[22m
[2m4:26:26 PM[22m [36m[1m[vite][22m[39m [90m[2m(client)[22m[39m [32mpage reload [39m[2mpackages/recipelang/src/patch.ts[22m
[2m4:26:26 PM[22m [36m[1m[vite][22m[39m [90m[2m(client)[22m[39m [32mpage reload [39m[2mpackages/recipelang/src/recipelang.scenario.test.ts[22m
[2m4:26:26 PM[22m [36m[1m[vite][22m[39m [90m[2m(client)[22m[39m [32mpage reload [39m[2mpackages/recipelang/src/render.ts[22m
[2m4:26:26 PM[22m [36m[1m[vite][22m[39m [90m[2m(client)[22m[39m [32mpage reload [39m[2mpackages/recipelang/src/types.ts[22m
[2m4:26:26 PM[22m [36m[1m[vite][22m[39m [90m[2m(client)[22m[39m [32mpage reload [39m[2mpackages/recipelang/src/schema.ts[22m
[2m4:26:26 PM[22m [36m[1m[vite][22m[39m [90m[2m(client)[22m[39m [32mpage reload [39m[2mpackages/recipelang/reference/edge-data-contract.recipe.yaml[22m
[2m4:26:26 PM[22m [36m[1m[vite][22m[39m [90m[2m(client)[22m[39m [32mpage reload [39m[2mpackages/registry/package.json[22m
[2m4:26:26 PM[22m [36m[1m[vite][22m[39m [90m[2m(client)[22m[39m [32mpage reload [39m[2mpackages/registry/README.md[22m
[2m4:26:26 PM[22m [36m[1m[vite][22m[39m [90m[2m(client)[22m[39m [32mpage reload [39m[2mpackages/registry/tsconfig.json[22m
[2m4:26:26 PM[22m [36m[1m[vite][22m[39m [90m[2m(client)[22m[39m [32mpage reload [39m[2mpackages/registry/sources/agent/NodeSlideAgentPanel.tsx[22m
[2m4:26:26 PM[22m [36m[1m[vite][22m[39m [90m[2m(client)[22m[39m [32mpage reload [39m[2mpackages/registry/sources/backend/customBackend.ts[22m
[2m4:26:26 PM[22m [36m[1m[vite][22m[39m [90m[2m(client)[22m[39m [32mpage reload [39m[2mpackages/registry/sources/backend/nodeslide.env.example[22m
[2m4:26:26 PM[22m [36m[1m[vite][22m[39m [90m[2m(client)[22m[39m [32mpage reload [39m[2mpackages/registry/sources/renderer/NodeSlideRenderer.tsx[22m
[2m4:26:26 PM[22m [36m[1m[vite][22m[39m [90m[2m(client)[22m[39m [32mpage reload [39m[2mpackages/registry/sources/presenter/NodeSlidePresenter.tsx[22m
[2m4:26:26 PM[22m [36m[1m[vite][22m[39m [90m[2m(client)[22m[39m [32mpage reload [39m[2mpackages/registry/sources/convex/convex.config.ts[22m
[2m4:26:26 PM[22m [36m[1m[vite][22m[39m [90m[2m(client)[22m[39m [32mpage reload [39m[2mpackages/registry/sources/studio/NodeSlideExample.tsx[22m
[2m4:26:26 PM[22m [36m[1m[vite][22m[39m [90m[2m(client)[22m[39m [32mpage reload [39m[2mpackages/registry/sources/testing/nodeslide.conformance.ts[22m
[2m4:26:26 PM[22m [36m[1m[vite][22m[39m [90m[2m(client)[22m[39m [32mpage reload [39m[2mpackages/registry/src/index.ts[22m
[2m4:26:26 PM[22m [36m[1m[vite][22m[39m changed tsconfig file detected: D:/VSCode Projects/nodeslide/packages/testing/tsconfig.json - Clearing cache and forcing full-reload to ensure TypeScript is compiled with updated config values.
[2m4:26:26 PM[22m [36m[1m[vite][22m[39m [90m[2m(client)[22m[39m [32mpage reload [39m[2mpackages/testing/package.json[22m
[2m4:26:26 PM[22m [36m[1m[vite][22m[39m [90m[2m(client)[22m[39m [32mpage reload [39m[2mpackages/testing/tsconfig.json[22m
[2m4:26:26 PM[22m [36m[1m[vite][22m[39m [90m[2m(client)[22m[39m [32mpage reload [39m[2mpackages/testing/src/conformance.ts[22m
[2m4:26:26 PM[22m [36m[1m[vite][22m[39m [90m[2m(client)[22m[39m [32mpage reload [39m[2mpackages/testing/src/fixtures.ts[22m
[2m4:26:26 PM[22m [36m[1m[vite][22m[39m [90m[2m(client)[22m[39m [32mpage reload [39m[2mpackages/testing/src/index.ts[22m
[2m4:26:26 PM[22m [36m[1m[vite][22m[39m [90m[2m(client)[22m[39m [32mpage reload [39m[2mpackages/testing/src/memoryAssetStore.ts[22m
[2m4:26:26 PM[22m [36m[1m[vite][22m[39m [90m[2m(client)[22m[39m [32mpage reload [39m[2mpackages/testing/src/memoryBudgetLedger.ts[22m
[2m4:26:26 PM[22m [36m[1m[vite][22m[39m [90m[2m(client)[22m[39m [32mpage reload [39m[2mpackages/testing/src/memoryRepository.test.ts[22m
[2m4:26:26 PM[22m [36m[1m[vite][22m[39m [90m[2m(client)[22m[39m [32mpage reload [39m[2mpackages/testing/src/memoryRepository.ts[22m
[2m4:26:26 PM[22m [36m[1m[vite][22m[39m [90m[2m(client)[22m[39m [32mpage reload [39m[2mpackages/testing/src/memoryTelemetry.ts[22m
[2m4:27:54 PM[22m [36m[1m[vite][22m[39m [90m[2m(client)[22m[39m [32mpage reload [39m[2mevidence/focused-quality-proof/focused-quality-proof.nodeslide.json[22m
[2m4:27:54 PM[22m [36m[1m[vite][22m[39m [90m[2m(client)[22m[39m [32mpage reload [39m[2mconvex/lib/nodeslideSeed.ts[22m
[2m4:27:55 PM[22m [36m[1m[vite][22m[39m [90m[2m(client)[22m[39m [32mpage reload [39m[2mconvex/lib/nodeslideSeed.test.ts[22m
[2m4:27:55 PM[22m [36m[1m[vite][22m[39m [90m[2m(client)[22m[39m [32mpage reload [39m[2mpackages/agent/package.json[22m
[2m4:27:55 PM[22m [36m[1m[vite][22m[39m [90m[2m(client)[22m[39m [32mpage reload [39m[2mpackages/agent/README.md[22m
[2m4:27:55 PM[22m [36m[1m[vite][22m[39m changed tsconfig file detected: D:/VSCode Projects/nodeslide/packages/agent/tsconfig.json - Clearing cache and forcing full-reload to ensure TypeScript is compiled with updated config values.
[2m4:27:55 PM[22m [36m[1m[vite][22m[39m [90m[2m(client)[22m[39m [32mpage reload [39m[2mpackages/agent/tsconfig.json[22m
[2m4:27:55 PM[22m [36m[1m[vite][22m[39m [90m[2m(client)[22m[39m [32mpage reload [39m[2mpackages/backend/package.json[22m
[2m4:27:55 PM[22m [36m[1m[vite][22m[39m changed tsconfig file detected: D:/VSCode Projects/nodeslide/packages/backend/tsconfig.json - Clearing cache and forcing full-reload to ensure TypeScript is compiled with updated config values.
[2m4:27:55 PM[22m [36m[1m[vite][22m[39m [90m[2m(client)[22m[39m [32mpage reload [39m[2mpackages/backend/tsconfig.json[22m
[2m4:27:55 PM[22m [36m[1m[vite][22m[39m [90m[2m(client)[22m[39m [32mpage reload [39m[2mpackages/cli/package.json[22m
[2m4:27:55 PM[22m [36m[1m[vite][22m[39m [90m[2m(client)[22m[39m [32mpage reload [39m[2mpackages/cli/README.md[22m
[2m4:27:55 PM[22m [36m[1m[vite][22m[39m changed tsconfig file detected: D:/VSCode Projects/nodeslide/packages/cli/tsconfig.json - Clearing cache and forcing full-reload to ensure TypeScript is compiled with updated config values.
[2m4:27:55 PM[22m [36m[1m[vite][22m[39m [90m[2m(client)[22m[39m [32mpage reload [39m[2mpackages/cli/tsconfig.json[22m
[2m4:27:55 PM[22m [36m[1m[vite][22m[39m [90m[2m(client)[22m[39m [32mpage reload [39m[2mpackages/cli/tsup.config.ts[22m
[2m4:27:55 PM[22m [36m[1m[vite][22m[39m [90m[2m(client)[22m[39m [32mpage reload [39m[2mpackages/client-http/package.json[22m
[2m4:27:55 PM[22m [36m[1m[vite][22m[39m [90m[2m(client)[22m[39m [32mpage reload [39m[2mpackages/client-http/README.md[22m
[2m4:27:55 PM[22m [36m[1m[vite][22m[39m changed tsconfig file detected: D:/VSCode Projects/nodeslide/packages/client-http/tsconfig.json - Clearing cache and forcing full-reload to ensure TypeScript is compiled with updated config values.
[2m4:27:55 PM[22m [36m[1m[vite][22m[39m [90m[2m(client)[22m[39m [32mpage reload [39m[2mpackages/client-http/tsconfig.json[22m
[2m4:27:55 PM[22m [36m[1m[vite][22m[39m [90m[2m(client)[22m[39m [32mpage reload [39m[2mpackages/contracts/package.json[22m
[2m4:27:55 PM[22m [36m[1m[vite][22m[39m changed tsconfig file detected: D:/VSCode Projects/nodeslide/packages/contracts/tsconfig.json - Clearing cache and forcing full-reload to ensure TypeScript is compiled with updated config values.
[2m4:27:55 PM[22m [36m[1m[vite][22m[39m [90m[2m(client)[22m[39m [32mpage reload [39m[2mpackages/contracts/tsconfig.json[22m
[2m4:27:55 PM[22m [36m[1m[vite][22m[39m [90m[2m(client)[22m[39m [32mpage reload [39m[2mpackages/convex/package.json[22m
[2m4:27:55 PM[22m [36m[1m[vite][22m[39m [90m[2m(client)[22m[39m [32mpage reload [39m[2mpackages/convex/README.md[22m
[2m4:27:55 PM[22m [36m[1m[vite][22m[39m [90m[2m(client)[22m[39m [32mpage reload [39m[2mpackages/convex/tsconfig.component.json[22m
[2m4:27:55 PM[22m [36m[1m[vite][22m[39m changed tsconfig file detected: D:/VSCode Projects/nodeslide/packages/convex/tsconfig.json - Clearing cache and forcing full-reload to ensure TypeScript is compiled with updated config values.
[2m4:27:55 PM[22m [36m[1m[vite][22m[39m [90m[2m(client)[22m[39m [32mpage reload [39m[2mpackages/convex/tsconfig.json[22m
[2m4:27:55 PM[22m [36m[1m[vite][22m[39m [90m[2m(client)[22m[39m [32mpage reload [39m[2mpackages/engine/package.json[22m
[2m4:27:55 PM[22m [36m[1m[vite][22m[39m changed tsconfig file detected: D:/VSCode Projects/nodeslide/packages/engine/tsconfig.json - Clearing cache and forcing full-reload to ensure TypeScript is compiled with updated config values.
[2m4:27:55 PM[22m [36m[1m[vite][22m[39m [90m[2m(client)[22m[39m [32mpage reload [39m[2mpackages/engine/tsconfig.json[22m
[2m4:27:55 PM[22m [36m[1m[vite][22m[39m [90m[2m(client)[22m[39m [32mpage reload [39m[2mpackages/external-agent/package.json[22m
[2m4:27:55 PM[22m [36m[1m[vite][22m[39m [90m[2m(client)[22m[39m [32mpage reload [39m[2mpackages/external-agent/README.md[22m
[2m4:27:55 PM[22m [36m[1m[vite][22m[39m changed tsconfig file detected: D:/VSCode Projects/nodeslide/packages/external-agent/tsconfig.json - Clearing cache and forcing full-reload to ensure TypeScript is compiled with updated config values.
[2m4:27:55 PM[22m [36m[1m[vite][22m[39m [90m[2m(client)[22m[39m [32mpage reload [39m[2mpackages/external-agent/tsconfig.json[22m
[2m4:27:55 PM[22m [36m[1m[vite][22m[39m [90m[2m(client)[22m[39m [32mpage reload [39m[2mpackages/external-agent/vitest.config.ts[22m
[2m4:27:55 PM[22m [36m[1m[vite][22m[39m [90m[2m(client)[22m[39m [32mpage reload [39m[2mpackages/gym-core/package.json[22m
[2m4:27:55 PM[22m [36m[1m[vite][22m[39m [90m[2m(client)[22m[39m [32mpage reload [39m[2mpackages/gym-core/README.md[22m
[2m4:27:55 PM[22m [36m[1m[vite][22m[39m changed tsconfig file detected: D:/VSCode Projects/nodeslide/packages/gym-core/tsconfig.json - Clearing cache and forcing full-reload to ensure TypeScript is compiled with updated config values.
[2m4:27:55 PM[22m [36m[1m[vite][22m[39m [90m[2m(client)[22m[39m [32mpage reload [39m[2mpackages/gym-core/tsconfig.json[22m
[2m4:27:55 PM[22m [36m[1m[vite][22m[39m [90m[2m(client)[22m[39m [32mpage reload [39m[2mpackages/react-headless/package.json[22m
[2m4:27:55 PM[22m [36m[1m[vite][22m[39m [90m[2m(client)[22m[39m [32mpage reload [39m[2mpackages/react-headless/README.md[22m
[2m4:27:55 PM[22m [36m[1m[vite][22m[39m changed tsconfig file detected: D:/VSCode Projects/nodeslide/packages/react-headless/tsconfig.json - Clearing cache and forcing full-reload to ensure TypeScript is compiled with updated config values.
[2m4:27:55 PM[22m [36m[1m[vite][22m[39m [90m[2m(client)[22m[39m [32mpage reload [39m[2mpackages/react-headless/tsconfig.json[22m
[2m4:27:55 PM[22m [36m[1m[vite][22m[39m [90m[2m(client)[22m[39m [32mpage reload [39m[2mpackages/react/package.json[22m
[2m4:27:55 PM[22m [36m[1m[vite][22m[39m [90m[2m(client)[22m[39m [32mpage reload [39m[2mpackages/react/README.md[22m
[2m4:27:55 PM[22m [36m[1m[vite][22m[39m changed tsconfig file detected: D:/VSCode Projects/nodeslide/packages/react/tsconfig.json - Clearing cache and forcing full-reload to ensure TypeScript is compiled with updated config values.
[2m4:27:55 PM[22m [36m[1m[vite][22m[39m [90m[2m(client)[22m[39m [32mpage reload [39m[2mpackages/react/tsconfig.json[22m
[2m4:27:55 PM[22m [36m[1m[vite][22m[39m [90m[2m(client)[22m[39m [32mpage reload [39m[2mpackages/recipelang/README.md[22m
[2m4:27:55 PM[22m [36m[1m[vite][22m[39m [90m[2m(client)[22m[39m [32mpage reload [39m[2mpackages/recipelang/package.json[22m
[2m4:27:55 PM[22m [36m[1m[vite][22m[39m changed tsconfig file detected: D:/VSCode Projects/nodeslide/packages/recipelang/tsconfig.json - Clearing cache and forcing full-reload to ensure TypeScript is compiled with updated config values.
[2m4:27:55 PM[22m [36m[1m[vite][22m[39m [90m[2m(client)[22m[39m [32mpage reload [39m[2mpackages/recipelang/tsconfig.json[22m
[2m4:27:55 PM[22m [36m[1m[vite][22m[39m [90m[2m(client)[22m[39m [32mpage reload [39m[2mpackages/registry/package.json[22m
[2m4:27:55 PM[22m [36m[1m[vite][22m[39m [90m[2m(client)[22m[39m [32mpage reload [39m[2mpackages/registry/README.md[22m
[2m4:27:55 PM[22m [36m[1m[vite][22m[39m changed tsconfig file detected: D:/VSCode Projects/nodeslide/packages/registry/tsconfig.json - Clearing cache and forcing full-reload to ensure TypeScript is compiled with updated config values.
[2m4:27:55 PM[22m [36m[1m[vite][22m[39m [90m[2m(client)[22m[39m [32mpage reload [39m[2mpackages/registry/tsconfig.json[22m
[2m4:27:55 PM[22m [36m[1m[vite][22m[39m [90m[2m(client)[22m[39m [32mpage reload [39m[2mpackages/testing/package.json[22m
[2m4:27:55 PM[22m [36m[1m[vite][22m[39m changed tsconfig file detected: D:/VSCode Projects/nodeslide/packages/testing/tsconfig.json - Clearing cache and forcing full-reload to ensure TypeScript is compiled with updated config values.
[2m4:27:55 PM[22m [36m[1m[vite][22m[39m [90m[2m(client)[22m[39m [32mpage reload [39m[2mpackages/testing/tsconfig.json[22m
[2m4:27:55 PM[22m [36m[1m[vite][22m[39m [90m[2m(client)[22m[39m [32mpage reload [39m[2mpackages/agent/src/index.ts[22m
[2m4:27:55 PM[22m [36m[1m[vite][22m[39m [90m[2m(client)[22m[39m [32mpage reload [39m[2mpackages/backend/src/authorization.test.ts[22m
[2m4:27:55 PM[22m [36m[1m[vite][22m[39m [90m[2m(client)[22m[39m [32mpage reload [39m[2mpackages/backend/src/index.ts[22m
[2m4:27:55 PM[22m [36m[1m[vite][22m[39m [90m[2m(client)[22m[39m [32mpage reload [39m[2mpackages/cli/src/cli.ts[22m
[2m4:27:55 PM[22m [36m[1m[vite][22m[39m [90m[2m(client)[22m[39m [32mpage reload [39m[2mpackages/cli/src/generate.model-effort.test.ts[22m
[2m4:27:55 PM[22m [36m[1m[vite][22m[39m [90m[2m(client)[22m[39m [32mpage reload [39m[2mpackages/cli/src/generate.ts[22m
[2m4:27:55 PM[22m [36m[1m[vite][22m[39m [90m[2m(client)[22m[39m [32mpage reload [39m[2mpackages/cli/src/index.ts[22m
[2m4:27:55 PM[22m [36m[1m[vite][22m[39m [90m[2m(client)[22m[39m [32mpage reload [39m[2mpackages/cli/src/installer.test.ts[22m
[2m4:27:55 PM[22m [36m[1m[vite][22m[39m [90m[2m(client)[22m[39m [32mpage reload [39m[2mpackages/contracts/src/index.ts[22m
[2m4:27:55 PM[22m [36m[1m[vite][22m[39m [90m[2m(client)[22m[39m [32mpage reload [39m[2mpackages/client-http/src/httpAdapter.test.ts[22m
[2m4:27:55 PM[22m [36m[1m[vite][22m[39m [90m[2m(client)[22m[39m [32mpage reload [39m[2mpackages/client-http/src/index.ts[22m
[2m4:27:55 PM[22m [36m[1m[vite][22m[39m [90m[2m(client)[22m[39m [32mpage reload [39m[2mpackages/convex/src/capabilityHost.ts[22m
[2m4:27:55 PM[22m [36m[1m[vite][22m[39m [90m[2m(client)[22m[39m [32mpage reload [39m[2mpackages/convex/src/component.ts[22m
[2m4:27:55 PM[22m [36m[1m[vite][22m[39m [90m[2m(client)[22m[39m [32mpage reload [39m[2mpackages/convex/src/convexAdapter.test.ts[22m
[2m4:27:55 PM[22m [36m[1m[vite][22m[39m [90m[2m(client)[22m[39m [32mpage reload [39m[2mpackages/convex/src/componentSchema.ts[22m
[2m4:27:55 PM[22m [36m[1m[vite][22m[39m [90m[2m(client)[22m[39m [32mpage reload [39m[2mpackages/convex/src/governance.test.ts[22m
[2m4:27:55 PM[22m [36m[1m[vite][22m[39m [90m[2m(client)[22m[39m [32mpage reload [39m[2mpackages/convex/src/governance.ts[22m
[2m4:27:55 PM[22m [36m[1m[vite][22m[39m [90m[2m(client)[22m[39m [32mpage reload [39m[2mpackages/convex/src/index.ts[22m
[2m4:27:55 PM[22m [36m[1m[vite][22m[39m [90m[2m(client)[22m[39m [32mpage reload [39m[2mpackages/convex/src/react.tsx[22m
[2m4:27:55 PM[22m [36m[1m[vite][22m[39m [90m[2m(client)[22m[39m [32mpage reload [39m[2mpackages/convex/component/convex.config.ts[22m
[2m4:27:55 PM[22m [36m[1m[vite][22m[39m [90m[2m(client)[22m[39m [32mpage reload [39m[2mpackages/convex/component/migrations.ts[22m
[2m4:27:55 PM[22m [36m[1m[vite][22m[39m [90m[2m(client)[22m[39m [32mpage reload [39m[2mpackages/convex/component/protocol.ts[22m
[2m4:27:55 PM[22m [36m[1m[vite][22m[39m [90m[2m(client)[22m[39m [32mpage reload [39m[2mpackages/convex/component/patchCommand.ts[22m
[2m4:27:55 PM[22m [36m[1m[vite][22m[39m [90m[2m(client)[22m[39m [32mpage reload [39m[2mpackages/convex/component/repository.test.ts[22m
[2m4:27:55 PM[22m [36m[1m[vite][22m[39m [90m[2m(client)[22m[39m [32mpage reload [39m[2mpackages/convex/component/repository.ts[22m
[2m4:27:55 PM[22m [36m[1m[vite][22m[39m [90m[2m(client)[22m[39m [32mpage reload [39m[2mpackages/convex/component/schema.ts[22m
[2m4:27:55 PM[22m [36m[1m[vite][22m[39m [90m[2m(client)[22m[39m [32mpage reload [39m[2mpackages/engine/src/index.ts[22m
[2m4:27:55 PM[22m [36m[1m[vite][22m[39m [90m[2m(client)[22m[39m [32mpage reload [39m[2mpackages/engine/src/migrations.ts[22m
[2m4:27:55 PM[22m [36m[1m[vite][22m[39m [90m[2m(client)[22m[39m [32mpage reload [39m[2mpackages/engine/src/migrations.test.ts[22m
[2m4:27:55 PM[22m [36m[1m[vite][22m[39m [90m[2m(client)[22m[39m [32mpage reload [39m[2mpackages/external-agent/src/cli.ts[22m
[2m4:27:55 PM[22m [36m[1m[vite][22m[39m [90m[2m(client)[22m[39m [32mpage reload [39m[2mpackages/external-agent/src/index.test.ts[22m
[2m4:27:55 PM[22m [36m[1m[vite][22m[39m [90m[2m(client)[22m[39m [32mpage reload [39m[2mpackages/external-agent/src/index.ts[22m
[2m4:27:55 PM[22m [36m[1m[vite][22m[39m [90m[2m(client)[22m[39m [32mpage reload [39m[2mpackages/gym-core/src/checkpoint.ts[22m
[2m4:27:55 PM[22m [36m[1m[vite][22m[39m [90m[2m(client)[22m[39m [32mpage reload [39m[2mpackages/gym-core/src/checkpoint.test.ts[22m
[2m4:27:55 PM[22m [36m[1m[vite][22m[39m [90m[2m(client)[22m[39m [32mpage reload [39m[2mpackages/gym-core/src/index.test.ts[22m
[2m4:27:55 PM[22m [36m[1m[vite][22m[39m [90m[2m(client)[22m[39m [32mpage reload [39m[2mpackages/gym-core/src/index.ts[22m
[2m4:27:55 PM[22m [36m[1m[vite][22m[39m [90m[2m(client)[22m[39m [32mpage reload [39m[2mpackages/gym-core/src/routing.test.ts[22m
[2m4:27:55 PM[22m [36m[1m[vite][22m[39m [90m[2m(client)[22m[39m [32mpage reload [39m[2mpackages/gym-core/src/routing.ts[22m
[2m4:27:55 PM[22m [36m[1m[vite][22m[39m [90m[2m(client)[22m[39m [32mpage reload [39m[2mpackages/react-headless/src/deckNavigation.ts[22m
[2m4:27:55 PM[22m [36m[1m[vite][22m[39m [90m[2m(client)[22m[39m [32mpage reload [39m[2mpackages/react-headless/src/deckNavigation.test.tsx[22m
[2m4:27:55 PM[22m [36m[1m[vite][22m[39m [90m[2m(client)[22m[39m [32mpage reload [39m[2mpackages/react-headless/src/proposalReview.test.ts[22m
[2m4:27:55 PM[22m [36m[1m[vite][22m[39m [90m[2m(client)[22m[39m [32mpage reload [39m[2mpackages/react-headless/src/index.ts[22m
[2m4:27:55 PM[22m [36m[1m[vite][22m[39m [90m[2m(client)[22m[39m [32mpage reload [39m[2mpackages/react-headless/src/proposalReview.ts[22m
[2m4:27:55 PM[22m [36m[1m[vite][22m[39m [90m[2m(client)[22m[39m [32mpage reload [39m[2mpackages/react-headless/src/reactHeadless.test.tsx[22m
[2m4:27:55 PM[22m [36m[1m[vite][22m[39m [90m[2m(client)[22m[39m [32mpage reload [39m[2mpackages/react-headless/src/repositoryController.ts[22m
[2m4:27:55 PM[22m [36m[1m[vite][22m[39m [90m[2m(client)[22m[39m [32mpage reload [39m[2mpackages/react-headless/src/ssr.test.tsx[22m
[2m4:27:55 PM[22m [36m[1m[vite][22m[39m [90m[2m(client)[22m[39m [32mpage reload [39m[2mpackages/react-headless/src/studioModel.ts[22m
[2m4:27:55 PM[22m [36m[1m[vite][22m[39m [90m[2m(client)[22m[39m [32mhmr update [39m[2m/@fs/D:\VSCode Projects\nodeslide\packages\react\src\agentThread.tsx[22m
[2m4:27:55 PM[22m [36m[1m[vite][22m[39m [90m[2m(client)[22m[39m [32mhmr update [39m[2m/src/App.tsx, /src/tailwind.css[22m
[2m4:27:55 PM[22m [36m[1m[vite][22m[39m [90m[2m(client)[22m[39m [32mhmr update [39m[2m/@fs/D:\VSCode Projects\nodeslide\packages\react\src\proposalReview.tsx[22m
[2m4:27:55 PM[22m [36m[1m[vite][22m[39m [90m[2m(client)[22m[39m [32mpage reload [39m[2mpackages/react/src/reactSurface.test.tsx[22m
[2m4:27:55 PM[22m [36m[1m[vite][22m[39m [90m[2m(client)[22m[39m [32mpage reload [39m[2mpackages/react/src/styles.css[22m
[2m4:27:55 PM[22m [36m[1m[vite][22m[39m [90m[2m(client)[22m[39m [32mhmr update [39m[2m/@fs/D:\VSCode Projects\nodeslide\packages\react\src\studioShell.tsx[22m
[2m4:27:55 PM[22m [36m[1m[vite][22m[39m [90m[2m(client)[22m[39m [32mhmr update [39m[2m/@fs/D:\VSCode Projects\nodeslide\packages\react\src\viewer.tsx[22m
[2m4:27:55 PM[22m [36m[1m[vite][22m[39m [90m[2m(client)[22m[39m [32mpage reload [39m[2mpackages/recipelang/src/cli.ts[22m
[2m4:27:55 PM[22m [36m[1m[vite][22m[39m [90m[2m(client)[22m[39m [32mpage reload [39m[2mpackages/recipelang/src/index.ts[22m
[2m4:27:55 PM[22m [36m[1m[vite][22m[39m [90m[2m(client)[22m[39m [32mpage reload [39m[2mpackages/recipelang/src/compiler.ts[22m
[2m4:27:55 PM[22m [36m[1m[vite][22m[39m [90m[2m(client)[22m[39m [32mpage reload [39m[2mpackages/recipelang/src/patch.ts[22m
[2m4:27:55 PM[22m [36m[1m[vite][22m[39m [90m[2m(client)[22m[39m [32mpage reload [39m[2mpackages/recipelang/src/recipelang.scenario.test.ts[22m
[2m4:27:55 PM[22m [36m[1m[vite][22m[39m [90m[2m(client)[22m[39m [32mpage reload [39m[2mpackages/recipelang/src/schema.ts[22m
[2m4:27:55 PM[22m [36m[1m[vite][22m[39m [90m[2m(client)[22m[39m [32mpage reload [39m[2mpackages/recipelang/src/render.ts[22m
[2m4:27:55 PM[22m [36m[1m[vite][22m[39m [90m[2m(client)[22m[39m [32mpage reload [39m[2mpackages/recipelang/src/types.ts[22m
[2m4:27:55 PM[22m [36m[1m[vite][22m[39m [90m[2m(client)[22m[39m [32mpage reload [39m[2mpackages/recipelang/reference/edge-data-contract.recipe.yaml[22m
[2m4:27:55 PM[22m [36m[1m[vite][22m[39m [90m[2m(client)[22m[39m [32mpage reload [39m[2mpackages/registry/src/index.ts[22m
[2m4:27:55 PM[22m [36m[1m[vite][22m[39m [90m[2m(client)[22m[39m [32mpage reload [39m[2mpackages/testing/src/conformance.ts[22m
[2m4:27:55 PM[22m [36m[1m[vite][22m[39m [90m[2m(client)[22m[39m [32mpage reload [39m[2mpackages/testing/src/fixtures.ts[22m
[2m4:27:55 PM[22m [36m[1m[vite][22m[39m [90m[2m(client)[22m[39m [32mpage reload [39m[2mpackages/testing/src/memoryAssetStore.ts[22m
[2m4:27:55 PM[22m [36m[1m[vite][22m[39m [90m[2m(client)[22m[39m [32mpage reload [39m[2mpackages/testing/src/index.ts[22m
[2m4:27:55 PM[22m [36m[1m[vite][22m[39m [90m[2m(client)[22m[39m [32mpage reload [39m[2mpackages/testing/src/memoryRepository.test.ts[22m
[2m4:27:55 PM[22m [36m[1m[vite][22m[39m [90m[2m(client)[22m[39m [32mpage reload [39m[2mpackages/testing/src/memoryBudgetLedger.ts[22m
[2m4:27:55 PM[22m [36m[1m[vite][22m[39m [90m[2m(client)[22m[39m [32mpage reload [39m[2mpackages/testing/src/memoryRepository.ts[22m
[2m4:27:55 PM[22m [36m[1m[vite][22m[39m [90m[2m(client)[22m[39m [32mpage reload [39m[2mpackages/testing/src/memoryTelemetry.ts[22m
[2m4:27:55 PM[22m [36m[1m[vite][22m[39m [90m[2m(client)[22m[39m [32mpage reload [39m[2mpackages/convex/component/_generated/api.d.ts[22m
[2m4:27:55 PM[22m [36m[1m[vite][22m[39m [90m[2m(client)[22m[39m [32mpage reload [39m[2mpackages/convex/component/_generated/api.js[22m
[2m4:27:55 PM[22m [36m[1m[vite][22m[39m [90m[2m(client)[22m[39m [32mpage reload [39m[2mpackages/convex/component/_generated/component.ts[22m
[2m4:27:55 PM[22m [36m[1m[vite][22m[39m [90m[2m(client)[22m[39m [32mpage reload [39m[2mpackages/convex/component/_generated/server.d.ts[22m
[2m4:27:55 PM[22m [36m[1m[vite][22m[39m [90m[2m(client)[22m[39m [32mpage reload [39m[2mpackages/convex/component/_generated/dataModel.ts[22m
[2m4:27:55 PM[22m [36m[1m[vite][22m[39m [90m[2m(client)[22m[39m [32mpage reload [39m[2mpackages/convex/component/_generated/server.js[22m
[2m4:27:55 PM[22m [36m[1m[vite][22m[39m [90m[2m(client)[22m[39m [32mpage reload [39m[2mpackages/registry/sources/agent/NodeSlideAgentPanel.tsx[22m
[2m4:27:55 PM[22m [36m[1m[vite][22m[39m [90m[2m(client)[22m[39m [32mpage reload [39m[2mpackages/registry/sources/backend/customBackend.ts[22m
[2m4:27:55 PM[22m [36m[1m[vite][22m[39m [90m[2m(client)[22m[39m [32mpage reload [39m[2mpackages/registry/sources/backend/nodeslide.env.example[22m
[2m4:27:55 PM[22m [36m[1m[vite][22m[39m [90m[2m(client)[22m[39m [32mpage reload [39m[2mpackages/registry/sources/renderer/NodeSlideRenderer.tsx[22m
[2m4:27:55 PM[22m [36m[1m[vite][22m[39m [90m[2m(client)[22m[39m [32mpage reload [39m[2mpackages/registry/sources/convex/convex.config.ts[22m
[2m4:27:55 PM[22m [36m[1m[vite][22m[39m [90m[2m(client)[22m[39m [32mpage reload [39m[2mpackages/registry/sources/studio/NodeSlideExample.tsx[22m
[2m4:27:55 PM[22m [36m[1m[vite][22m[39m [90m[2m(client)[22m[39m [32mpage reload [39m[2mpackages/registry/sources/testing/nodeslide.conformance.ts[22m
[2m4:27:55 PM[22m [36m[1m[vite][22m[39m [90m[2m(client)[22m[39m [32mpage reload [39m[2mpackages/registry/sources/presenter/NodeSlidePresenter.tsx[22m
