[33m[1m(!) %VITE_GIT_SHA% is not defined in env variables found in /index.html. Is the variable mistyped?[22m[39m
[33m[1m(!) %VITE_GIT_SHA% is not defined in env variables found in /index.html. Is the variable mistyped?[22m[39m
[33m[1m(!) %VITE_GIT_SHA% is not defined in env variables found in /index.html. Is the variable mistyped?[22m[39m
[33m[1m(!) %VITE_GIT_SHA% is not defined in env variables found in /index.html. Is the variable mistyped?[22m[39m
[33m[1m(!) %VITE_GIT_SHA% is not defined in env variables found in /index.html. Is the variable mistyped?[22m[39m
[33m[1m(!) %VITE_GIT_SHA% is not defined in env variables found in /index.html. Is the variable mistyped?[22m[39m
[33m[1m(!) %VITE_GIT_SHA% is not defined in env variables found in /index.html. Is the variable mistyped?[22m[39m
[33m[1m(!) %VITE_GIT_SHA% is not defined in env variables found in /index.html. Is the variable mistyped?[22m[39m
[33m[1m(!) %VITE_GIT_SHA% is not defined in env variables found in /index.html. Is the variable mistyped?[22m[39m
[33m[1m(!) %VITE_GIT_SHA% is not defined in env variables found in /index.html. Is the variable mistyped?[22m[39m
[33m[1m(!) %VITE_GIT_SHA% is not defined in env variables found in /index.html. Is the variable mistyped?[22m[39m
[33m[1m(!) %VITE_GIT_SHA% is not defined in env variables found in /index.html. Is the variable mistyped?[22m[39m
[33m[1m(!) %VITE_GIT_SHA% is not defined in env variables found in /index.html. Is the variable mistyped?[22m[39m
[33m[1m(!) %VITE_GIT_SHA% is not defined in env variables found in /index.html. Is the variable mistyped?[22m[39m
[33m[1m(!) %VITE_GIT_SHA% is not defined in env variables found in /index.html. Is the variable mistyped?[22m[39m
[33m[1m(!) %VITE_GIT_SHA% is not defined in env variables found in /index.html. Is the variable mistyped?[22m[39m
[33m[1m(!) %VITE_GIT_SHA% is not defined in env variables found in /index.html. Is the variable mistyped?[22m[39m
[33m[1m(!) %VITE_GIT_SHA% is not defined in env variables found in /index.html. Is the variable mistyped?[22m[39m
[33m[1m(!) %VITE_GIT_SHA% is not defined in env variables found in /index.html. Is the variable mistyped?[22m[39m
[33m[1m(!) %VITE_GIT_SHA% is not defined in env variables found in /index.html. Is the variable mistyped?[22m[39m
[33m[1m(!) %VITE_GIT_SHA% is not defined in env variables found in /index.html. Is the variable mistyped?[22m[39m
[33m[1m(!) %VITE_GIT_SHA% is not defined in env variables found in /index.html. Is the variable mistyped?[22m[39m
[33m[1m(!) %VITE_GIT_SHA% is not defined in env variables found in /index.html. Is the variable mistyped?[22m[39m
[33m[1m(!) %VITE_GIT_SHA% is not defined in env variables found in /index.html. Is the variable mistyped?[22m[39m
[33m[1m(!) %VITE_GIT_SHA% is not defined in env variables found in /index.html. Is the variable mistyped?[22m[39m
[33m[1m(!) %VITE_GIT_SHA% is not defined in env variables found in /index.html. Is the variable mistyped?[22m[39m
[33m[1m(!) %VITE_GIT_SHA% is not defined in env variables found in /index.html. Is the variable mistyped?[22m[39m
[33m[1m(!) %VITE_GIT_SHA% is not defined in env variables found in /index.html. Is the variable mistyped?[22m[39m
[33m[1m(!) %VITE_GIT_SHA% is not defined in env variables found in /index.html. Is the variable mistyped?[22m[39m
[33m[1m(!) %VITE_GIT_SHA% is not defined in env variables found in /index.html. Is the variable mistyped?[22m[39m
[33m[1m(!) %VITE_GIT_SHA% is not defined in env variables found in /index.html. Is the variable mistyped?[22m[39m
[33m[1m(!) %VITE_GIT_SHA% is not defined in env variables found in /index.html. Is the variable mistyped?[22m[39m
[33m[1m(!) %VITE_GIT_SHA% is not defined in env variables found in /index.html. Is the variable mistyped?[22m[39m
[33m[1m(!) %VITE_GIT_SHA% is not defined in env variables found in /index.html. Is the variable mistyped?[22m[39m
[33m[1m(!) %VITE_GIT_SHA% is not defined in env variables found in /index.html. Is the variable mistyped?[22m[39m
[33m[1m(!) %VITE_GIT_SHA% is not defined in env variables found in /index.html. Is the variable mistyped?[22m[39m
[33m[1m(!) %VITE_GIT_SHA% is not defined in env variables found in /index.html. Is the variable mistyped?[22m[39m
[33m[1m(!) %VITE_GIT_SHA% is not defined in env variables found in /index.html. Is the variable mistyped?[22m[39m
[33m[1m(!) %VITE_GIT_SHA% is not defined in env variables found in /index.html. Is the variable mistyped?[22m[39m
[33m[1m(!) %VITE_GIT_SHA% is not defined in env variables found in /index.html. Is the variable mistyped?[22m[39m
[33m[1m(!) %VITE_GIT_SHA% is not defined in env variables found in /index.html. Is the variable mistyped?[22m[39m
[33m[1m(!) %VITE_GIT_SHA% is not defined in env variables found in /index.html. Is the variable mistyped?[22m[39m
[33m[1m(!) %VITE_GIT_SHA% is not defined in env variables found in /index.html. Is the variable mistyped?[22m[39m
[33m[1m(!) %VITE_GIT_SHA% is not defined in env variables found in /index.html. Is the variable mistyped?[22m[39m
[33m[1m(!) %VITE_GIT_SHA% is not defined in env variables found in /index.html. Is the variable mistyped?[22m[39m
[33m[1m(!) %VITE_GIT_SHA% is not defined in env variables found in /index.html. Is the variable mistyped?[22m[39m
[33m[1m(!) %VITE_GIT_SHA% is not defined in env variables found in /index.html. Is the variable mistyped?[22m[39m
[33m[1m(!) %VITE_GIT_SHA% is not defined in env variables found in /index.html. Is the variable mistyped?[22m[39m
[33m[1m(!) %VITE_GIT_SHA% is not defined in env variables found in /index.html. Is the variable mistyped?[22m[39m
[33m[1m(!) %VITE_GIT_SHA% is not defined in env variables found in /index.html. Is the variable mistyped?[22m[39m
[33m[1m(!) %VITE_GIT_SHA% is not defined in env variables found in /index.html. Is the variable mistyped?[22m[39m
[33m[1m(!) %VITE_GIT_SHA% is not defined in env variables found in /index.html. Is the variable mistyped?[22m[39m
[33m[1m(!) %VITE_GIT_SHA% is not defined in env variables found in /index.html. Is the variable mistyped?[22m[39m
[33m[1m(!) %VITE_GIT_SHA% is not defined in env variables found in /index.html. Is the variable mistyped?[22m[39m
[33m[1m(!) %VITE_GIT_SHA% is not defined in env variables found in /index.html. Is the variable mistyped?[22m[39m
[33m[1m(!) %VITE_GIT_SHA% is not defined in env variables found in /index.html. Is the variable mistyped?[22m[39m
[33m[1m(!) %VITE_GIT_SHA% is not defined in env variables found in /index.html. Is the variable mistyped?[22m[39m
[33m[1m(!) %VITE_GIT_SHA% is not defined in env variables found in /index.html. Is the variable mistyped?[22m[39m
[33m[1m(!) %VITE_GIT_SHA% is not defined in env variables found in /index.html. Is the variable mistyped?[22m[39m
[33m[1m(!) %VITE_GIT_SHA% is not defined in env variables found in /index.html. Is the variable mistyped?[22m[39m
[33m[1m(!) %VITE_GIT_SHA% is not defined in env variables found in /index.html. Is the variable mistyped?[22m[39m
[33m[1m(!) %VITE_GIT_SHA% is not defined in env variables found in /index.html. Is the variable mistyped?[22m[39m
[33m[1m(!) %VITE_GIT_SHA% is not defined in env variables found in /index.html. Is the variable mistyped?[22m[39m
[33m[1m(!) %VITE_GIT_SHA% is not defined in env variables found in /index.html. Is the variable mistyped?[22m[39m
[33m[1m(!) %VITE_GIT_SHA% is not defined in env variables found in /index.html. Is the variable mistyped?[22m[39m
[33m[1m(!) %VITE_GIT_SHA% is not defined in env variables found in /index.html. Is the variable mistyped?[22m[39m
[33m[1m(!) %VITE_GIT_SHA% is not defined in env variables found in /index.html. Is the variable mistyped?[22m[39m
[33m[1m(!) %VITE_GIT_SHA% is not defined in env variables found in /index.html. Is the variable mistyped?[22m[39m
[33m[1m(!) %VITE_GIT_SHA% is not defined in env variables found in /index.html. Is the variable mistyped?[22m[39m
[2m4:26:29 PM[22m [31m[1m[vite][22m[39m [31m[2m(client)[22m[39m Pre-transform error: Failed to load url /node_modules/@fontsource-variable/fraunces/index.css (resolved id: D:/VSCode Projects/nodeslide/node_modules/@fontsource-variable/fraunces/index.css) in D:/VSCode Projects/nodeslide/src/main.tsx. Does the file exist?
[2m4:26:29 PM[22m [31m[1m[vite][22m[39m [31m[2m(client)[22m[39m Pre-transform error: Failed to load url /node_modules/@fontsource-variable/geist/index.css (resolved id: D:/VSCode Projects/nodeslide/node_modules/@fontsource-variable/geist/index.css) in D:/VSCode Projects/nodeslide/src/main.tsx. Does the file exist?
[2m4:26:29 PM[22m [31m[1m[vite][22m[39m [31m[2m(client)[22m[39m Pre-transform error: Failed to load url /node_modules/@fontsource-variable/jetbrains-mono/index.css (resolved id: D:/VSCode Projects/nodeslide/node_modules/@fontsource-variable/jetbrains-mono/index.css) in D:/VSCode Projects/nodeslide/src/main.tsx. Does the file exist?
[2m4:26:29 PM[22m [31m[1m[vite][22m[39m [31mInternal server error: Failed to resolve import "@nodeslide/react" from "src/domains/nodeslide/NodeSlideStudio.tsx". Does the file exist?[39m
  Plugin: [35mvite:import-analysis[39m
  File: [36mD:/VSCode Projects/nodeslide/src/domains/nodeslide/NodeSlideStudio.tsx[39m:1:71
[33m  16 |  }
  17 |  var _s = $RefreshSig$(), _s2 = $RefreshSig$();
  18 |  import { NodeSlideStudioShell } from "@nodeslide/react";
     |                                        ^
  19 |  import { useAction, useConvex, useMutation, useQuery } from "convex/react";
  20 |  import { LoaderCircle } from "lucide-react";[39m
      at TransformPluginContext._formatLog (file:///D:/VSCode%20Projects/nodeslide/node_modules/vite/dist/node/chunks/dep-Dm0c1Wj2.js:42658:41)
      at TransformPluginContext.error (file:///D:/VSCode%20Projects/nodeslide/node_modules/vite/dist/node/chunks/dep-Dm0c1Wj2.js:42655:16)
      at normalizeUrl (file:///D:/VSCode%20Projects/nodeslide/node_modules/vite/dist/node/chunks/dep-Dm0c1Wj2.js:40634:23)
      at process.processTicksAndRejections (node:internal/process/task_queues:103:5)
      at async file:///D:/VSCode%20Projects/nodeslide/node_modules/vite/dist/node/chunks/dep-Dm0c1Wj2.js:40753:37
      at async Promise.all (index 3)
      at async TransformPluginContext.transform (file:///D:/VSCode%20Projects/nodeslide/node_modules/vite/dist/node/chunks/dep-Dm0c1Wj2.js:40680:7)
      at async EnvironmentPluginContainer.transform (file:///D:/VSCode%20Projects/nodeslide/node_modules/vite/dist/node/chunks/dep-Dm0c1Wj2.js:42453:18)
      at async loadAndTransform (file:///D:/VSCode%20Projects/nodeslide/node_modules/vite/dist/node/chunks/dep-Dm0c1Wj2.js:35845:27)
      at async viteTransformMiddleware (file:///D:/VSCode%20Projects/nodeslide/node_modules/vite/dist/node/chunks/dep-Dm0c1Wj2.js:37369:24)
[2m4:26:30 PM[22m [31m[1m[vite][22m[39m [31m[2m(client)[22m[39m Pre-transform error: Failed to resolve import "@nodeslide/react" from "src/domains/nodeslide/NodeSlideStudio.tsx". Does the file exist?
  Plugin: [35mvite:import-analysis[39m
  File: [36mD:/VSCode Projects/nodeslide/src/domains/nodeslide/NodeSlideStudio.tsx[39m:1:71
[33m  16 |  }
  17 |  var _s = $RefreshSig$(), _s2 = $RefreshSig$();
  18 |  import { NodeSlideStudioShell } from "@nodeslide/react";
     |                                        ^
  19 |  import { useAction, useConvex, useMutation, useQuery } from "convex/react";
  20 |  import { LoaderCircle } from "lucide-react";[39m
[33m[1m(!) %VITE_GIT_SHA% is not defined in env variables found in /index.html. Is the variable mistyped?[22m[39m
[2m4:27:56 PM[22m [31m[1m[vite][22m[39m [31m[2m(client)[22m[39m Pre-transform error: Failed to load url /node_modules/@fontsource-variable/fraunces/index.css (resolved id: D:/VSCode Projects/nodeslide/node_modules/@fontsource-variable/fraunces/index.css) in D:/VSCode Projects/nodeslide/src/main.tsx. Does the file exist?
[2m4:27:56 PM[22m [31m[1m[vite][22m[39m [31m[2m(client)[22m[39m Pre-transform error: Failed to load url /node_modules/@fontsource-variable/geist/index.css (resolved id: D:/VSCode Projects/nodeslide/node_modules/@fontsource-variable/geist/index.css) in D:/VSCode Projects/nodeslide/src/main.tsx. Does the file exist?
[2m4:27:56 PM[22m [31m[1m[vite][22m[39m [31m[2m(client)[22m[39m Pre-transform error: Failed to load url /node_modules/@fontsource-variable/jetbrains-mono/index.css (resolved id: D:/VSCode Projects/nodeslide/node_modules/@fontsource-variable/jetbrains-mono/index.css) in D:/VSCode Projects/nodeslide/src/main.tsx. Does the file exist?
